// Jest Snapshot v1, https://goo.gl/fbAQLP

exports[`<RegisterScreen/> renders correctly 1`] = `
<View
  style={
    Object {
      "alignItems": "center",
      "flex": 1,
      "justifyContent": "center",
      "marginTop": 24,
    }
  }
>
  <Text
    style={
      Object {
        "fontSize": 50,
        "position": "absolute",
        "top": 0,
      }
    }
  >
    Gen Chat
  </Text>
  <View
    style={
      Object {
        "alignItems": "center",
        "alignSelf": "center",
        "backgroundColor": "hsl(230, 100%, 80%)",
        "borderColor": "black",
        "borderRadius": 30,
        "borderWidth": 3,
        "justifyContent": "center",
        "paddingVertical": 50,
        "width": "80%",
      }
    }
  >
    <Text
      style={
        Object {
          "fontSize": 40,
          "fontWeight": "bold",
        }
      }
    >
      Register
    </Text>
    <View
      style={
        Object {
          "flexDirection": "column",
          "justifyContent": "center",
          "marginVertical": 20,
          "paddingHorizontal": 15,
          "width": "100%",
        }
      }
    >
      <Text
        style={Object {}}
      >
        Username:
      </Text>
      <TextInput
        allowFontScaling={true}
        keyboardType="default"
        multiline={false}
        onChangeText={[Function]}
        placeholder="username"
        rejectResponderTermination={true}
        secureTextEntry={false}
        style={
          Object {
            "backgroundColor": "hsl(0, 0%, 95%)",
            "borderColor": "black",
            "borderRadius": 5,
            "borderWidth": 2,
            "paddingHorizontal": 10,
          }
        }
        underlineColorAndroid="transparent"
      />
    </View>
    <View
      style={
        Object {
          "flexDirection": "column",
          "justifyContent": "center",
          "marginVertical": 5,
          "paddingHorizontal": 15,
          "width": "100%",
        }
      }
    >
      <Text
        style={Object {}}
      >
        Password:
      </Text>
      <TextInput
        allowFontScaling={true}
        keyboardType="default"
        multiline={false}
        onChangeText={[Function]}
        placeholder="password"
        rejectResponderTermination={true}
        secureTextEntry={true}
        style={
          Object {
            "backgroundColor": "hsl(0, 0%, 95%)",
            "borderColor": "black",
            "borderRadius": 5,
            "borderWidth": 2,
            "paddingHorizontal": 10,
          }
        }
        underlineColorAndroid="transparent"
      />
    </View>
    <View
      style={
        Object {
          "flexDirection": "column",
          "justifyContent": "center",
          "marginBottom": 20,
          "marginVertical": 5,
          "paddingHorizontal": 15,
          "width": "100%",
        }
      }
    >
      <Text
        style={Object {}}
      >
        Confirm Password:
      </Text>
      <TextInput
        allowFontScaling={true}
        keyboardType="default"
        multiline={false}
        onChangeText={[Function]}
        placeholder="password"
        rejectResponderTermination={true}
        secureTextEntry={true}
        style={
          Object {
            "backgroundColor": "hsl(0, 0%, 95%)",
            "borderColor": "black",
            "borderRadius": 5,
            "borderWidth": 2,
            "paddingHorizontal": 10,
          }
        }
        underlineColorAndroid="transparent"
      />
    </View>
    <View
      accessible={true}
      focusable={true}
      onClick={[Function]}
      onResponderGrant={[Function]}
      onResponderMove={[Function]}
      onResponderRelease={[Function]}
      onResponderTerminate={[Function]}
      onResponderTerminationRequest={[Function]}
      onStartShouldSetResponder={[Function]}
      style={
        Object {
          "alignItems": "center",
          "alignSelf": "center",
          "backgroundColor": "hsl(550, 100%, 50%)",
          "borderRadius": 10,
          "justifyContent": "center",
          "marginBottom": 20,
          "opacity": 1,
          "paddingHorizontal": 16,
          "paddingVertical": 8,
        }
      }
    >
      <Text
        style={
          Object {
            "fontSize": 20,
            "fontWeight": "bold",
          }
        }
      >
        Submit
      </Text>
    </View>
    <View
      style={
        Object {
          "flexDirection": "row",
        }
      }
    >
      <Text>
        Already have an account? Login 
      </Text>
      <View
        accessible={true}
        collapsable={false}
        focusable={true}
        onBlur={[Function]}
        onClick={[Function]}
        onFocus={[Function]}
        onResponderGrant={[Function]}
        onResponderMove={[Function]}
        onResponderRelease={[Function]}
        onResponderTerminate={[Function]}
        onResponderTerminationRequest={[Function]}
        onStartShouldSetResponder={[Function]}
      >
        <Text
          style={
            Object {
              "borderBottomColor": "red",
              "borderBottomWidth": 1,
              "color": "red",
            }
          }
        >
          here
        </Text>
      </View>
    </View>
  </View>
</View>
`;
